// Jest Snapshot v1, https://goo.gl/fbAQLP

exports[`Given <Todo /> should render correctly 1`] = `
<button
  class="Todo__StyledTodo-sc-1u0d2ms-0 gdiHPr"
  data-testid="todo-12345"
>
  Some Todo
</button>
`;
